dn: ou=MINISTERE,o=GOUV,c=FR
objectClass: organizationalUnit
ou: MINISTERE

dn: uid=0,ou=MINISTERE,o=GOUV,c=FR
cn: 1
givenName: 4
mail: a3@example.net
objectClass: top
objectClass: person
objectClass: inetOrgPerson
sn: 2
uid: 5

dn: uid=6,ou=MINISTERE,o=GOUV,c=FR
businessCategory: 10
cn: 9
description: 13
displayName: 8
employeeNumber: 14
givenName: 17
mail: a16@example.net
objectClass: top
objectClass: person
objectClass: organizationalPerson
objectClass: inetOrgPerson
ou: MINISTERE
sn: 15
telephoneNumber: 7
title: 11
uid: 18
userPassword: 12

