dn: ou=MINISTERE,o=GOUV,c=FR
objectClass: organizationalUnit
ou: MINISTERE

dn: uid=0,ou=MINISTERE,o=GOUV,c=FR
cn: 1
givenName: 4
mail: a3@example.net
objectClass: top
objectClass: person
objectClass: inetOrgPerson
sn: 2
uid: 0

dn: uid=5,ou=MINISTERE,o=GOUV,c=FR
businessCategory: 9
cn: 8
description: 12
displayName: 7
employeeNumber: 13
givenName: 16
mail: a15@example.net
objectClass: top
objectClass: person
objectClass: organizationalPerson
objectClass: inetOrgPerson
ou: MINISTERE
sn: 14
telephoneNumber: 6
title: 10
uid: 5
userPassword: 11

